// Jest Snapshot v1, https://goo.gl/fbAQLP

exports[`pagesDataParser.getStudentId successful parsing 1`] = `"149.388-7"`;

exports[`test bla test bla2 1`] = `"149.388-7"`;
